// Jest Snapshot v1, https://goo.gl/fbAQLP

exports[`Pruebas en <GifItem/> debe de hacer match con en snapshot 1`] = `
<div>
  <div
    class="card"
  >
    <img
      alt="Soy un gif"
      src="https://www.gif.com/"
    />
    <p>
      Soy un gif
    </p>
  </div>
</div>
`;
